// Jest Snapshot v1, https://goo.gl/fbAQLP

exports[`App renders learn react link 1`] = `
<div>
  <div
    class="css-2e097b"
  >
    <div
      class="css-1tmkavh"
    >
      <img
        alt="Finimize"
        class="chakra-image__placeholder css-u4ybgy"
      />
    </div>
    <div
      class="css-yf46qw"
    >
      <div
        class="css-1rb18jj"
      >
        <button
          class="chakra-button css-10dvod4"
          data-testid="step-button-0"
          type="button"
        >
          0
        </button>
        <button
          class="chakra-button css-1qos78r"
          data-testid="step-button-1"
          disabled=""
          type="button"
        >
          1
        </button>
        <button
          class="chakra-button css-1qos78r"
          data-testid="step-button-2"
          disabled=""
          type="button"
        >
          2
        </button>
      </div>
      <p
        class="chakra-text css-1wvvwig"
      >
        Let's start the savings...
      </p>
    </div>
    <div
      class="css-0"
    >
      <div
        class="css-6z87o"
      >
        <p
          class="chakra-text css-18cdwwf"
        >
          Tell us a little about yourself
        </p>
        <p
          class="chakra-text css-ut9id6"
        >
          To help you get the most out of your savings and personalise this expereinces for please provide us with a few details to really help you maximise your savings and help you get to a brighter fanciancial future!
        </p>
        <div
          class="css-v8qn0c"
        >
          <div
            class="css-1d1yckv"
          >
            <label
              class="chakra-form__label css-wuh3rg"
            >
              First Name
            </label>
            <input
              class="chakra-input css-1ttok2p"
              data-testid="input-First Name"
              value=""
            />
            <p
              class="chakra-text css-80ht2y"
            />
          </div>
          <div
            class="css-1d1yckv"
          >
            <label
              class="chakra-form__label css-wuh3rg"
            >
              Last Name
            </label>
            <input
              class="chakra-input css-1ttok2p"
              data-testid="input-Last Name"
              value=""
            />
            <p
              class="chakra-text css-80ht2y"
            />
          </div>
          <div
            class="css-1d1yckv"
          >
            <label
              class="chakra-form__label css-wuh3rg"
            >
              Email
            </label>
            <input
              class="chakra-input css-1ttok2p"
              data-testid="input-Email"
              value=""
            />
            <p
              class="chakra-text css-80ht2y"
            />
          </div>
        </div>
      </div>
      <div
        class="css-j4xgao"
      >
        <button
          class="chakra-button css-1mi4eb0"
          data-testid="next-button"
          type="button"
        >
          Next
        </button>
      </div>
    </div>
  </div>
</div>
`;
