// Jest Snapshot v1, https://goo.gl/fbAQLP

exports[`component/CalculatorMode renders Calculator Mode component 1`] = `
<div>
   
  <div
    class="css-1d1yckv"
  >
    <label
      class="chakra-form__label css-wuh3rg"
    >
      test
    </label>
    <input
      class="chakra-input css-1ttok2p"
      data-testid="input-test"
      value=""
    />
    <p
      class="chakra-text css-80ht2y"
    />
  </div>
   
   
</div>
`;

exports[`component/CalculatorMode renders Calculator Mode component 2`] = `
<div>
   
  <div
    class="css-1d1yckv"
  >
    <label
      class="chakra-form__label css-wuh3rg"
    >
      number test
    </label>
    <div
      class="css-ylxpfg"
    >
      <input
        aria-invalid="false"
        aria-valuemax="9007199254740991"
        aria-valuemin="0"
        autocomplete="off"
        autocorrect="off"
        class="css-1ttok2p"
        inputmode="decimal"
        pattern="[0-9]*(.[0-9]+)?"
        role="spinbutton"
        type="text"
        value=""
      />
      <div
        aria-hidden="true"
        class="css-1rscer7"
      >
        <div
          class="css-9pjy17"
          role="button"
          tabindex="-1"
        >
          <svg
            class="chakra-icon css-onkibi"
            focusable="false"
            viewBox="0 0 24 24"
          >
            <path
              d="M12.8,5.4c-0.377-0.504-1.223-0.504-1.6,0l-9,12c-0.228,0.303-0.264,0.708-0.095,1.047 C2.275,18.786,2.621,19,3,19h18c0.379,0,0.725-0.214,0.895-0.553c0.169-0.339,0.133-0.744-0.095-1.047L12.8,5.4z"
              fill="currentColor"
            />
          </svg>
        </div>
        <div
          class="css-9pjy17"
          role="button"
          tabindex="-1"
        >
          <svg
            class="chakra-icon css-onkibi"
            focusable="false"
            viewBox="0 0 24 24"
          >
            <path
              d="M21,5H3C2.621,5,2.275,5.214,2.105,5.553C1.937,5.892,1.973,6.297,2.2,6.6l9,12 c0.188,0.252,0.485,0.4,0.8,0.4s0.611-0.148,0.8-0.4l9-12c0.228-0.303,0.264-0.708,0.095-1.047C21.725,5.214,21.379,5,21,5z"
              fill="currentColor"
            />
          </svg>
        </div>
      </div>
    </div>
    <p
      class="chakra-text css-80ht2y"
    />
  </div>
   
   
</div>
`;
